Archive member included to satisfy reference by file (symbol)

C:\Users\Mayoi\Documents\MCUXpressoIDE_10.1.0_589\workspace\MK_LIB\mbed\TARGET_LPC1768\TOOLCHAIN_GCC_CR\libmbed.a(serial_api.o)
                              C:/Users/Mayoi/Documents/MCUXpressoIDE_10.1.0_589/workspace/MK_LIB/mbed/TARGET_LPC1768/TOOLCHAIN_GCC_CR/retarget.o (serial_getc)
C:\Users\Mayoi\Documents\MCUXpressoIDE_10.1.0_589\workspace\MK_LIB\mbed\TARGET_LPC1768\TOOLCHAIN_GCC_CR\libmbed.a(FilePath.o)
                              C:/Users/Mayoi/Documents/MCUXpressoIDE_10.1.0_589/workspace/MK_LIB/mbed/TARGET_LPC1768/TOOLCHAIN_GCC_CR/retarget.o (mbed::FilePath::FilePath(char const*))
C:\Users\Mayoi\Documents\MCUXpressoIDE_10.1.0_589\workspace\MK_LIB\mbed\TARGET_LPC1768\TOOLCHAIN_GCC_CR\libmbed.a(FileSystemLike.o)
                              C:/Users/Mayoi/Documents/MCUXpressoIDE_10.1.0_589/workspace/MK_LIB/mbed/TARGET_LPC1768/TOOLCHAIN_GCC_CR/retarget.o (mbed::FileSystemLike::opendir())
C:\Users\Mayoi\Documents\MCUXpressoIDE_10.1.0_589\workspace\MK_LIB\mbed\TARGET_LPC1768\TOOLCHAIN_GCC_CR\libmbed.a(Serial.o)
                              ./COM/COM.o (mbed::Serial::_getc())
C:\Users\Mayoi\Documents\MCUXpressoIDE_10.1.0_589\workspace\MK_LIB\mbed\TARGET_LPC1768\TOOLCHAIN_GCC_CR\libmbed.a(SerialBase.o)
                              C:\Users\Mayoi\Documents\MCUXpressoIDE_10.1.0_589\workspace\MK_LIB\mbed\TARGET_LPC1768\TOOLCHAIN_GCC_CR\libmbed.a(Serial.o) (mbed::SerialBase::SerialBase(PinName, PinName))
C:\Users\Mayoi\Documents\MCUXpressoIDE_10.1.0_589\workspace\MK_LIB\mbed\TARGET_LPC1768\TOOLCHAIN_GCC_CR\libmbed.a(Stream.o)
                              ./COM/COM.o (mbed::Stream::close())
C:\Users\Mayoi\Documents\MCUXpressoIDE_10.1.0_589\workspace\MK_LIB\mbed\TARGET_LPC1768\TOOLCHAIN_GCC_CR\libmbed.a(Timer.o)
                              ./COM/COM.o (mbed::Timer::Timer())
C:\Users\Mayoi\Documents\MCUXpressoIDE_10.1.0_589\workspace\MK_LIB\mbed\TARGET_LPC1768\TOOLCHAIN_GCC_CR\libmbed.a(assert.o)
                              C:/Users/Mayoi/Documents/MCUXpressoIDE_10.1.0_589/workspace/MK_LIB/mbed/TARGET_LPC1768/TOOLCHAIN_GCC_CR/board.o (mbed_assert_internal)
C:\Users\Mayoi\Documents\MCUXpressoIDE_10.1.0_589\workspace\MK_LIB\mbed\TARGET_LPC1768\TOOLCHAIN_GCC_CR\libmbed.a(error.o)
                              C:/Users/Mayoi/Documents/MCUXpressoIDE_10.1.0_589/workspace/MK_LIB/mbed/TARGET_LPC1768/TOOLCHAIN_GCC_CR/retarget.o (error)
C:\Users\Mayoi\Documents\MCUXpressoIDE_10.1.0_589\workspace\MK_LIB\mbed\TARGET_LPC1768\TOOLCHAIN_GCC_CR\libmbed.a(gpio.o)
                              C:\Users\Mayoi\Documents\MCUXpressoIDE_10.1.0_589\workspace\MK_LIB\mbed\TARGET_LPC1768\TOOLCHAIN_GCC_CR\libmbed.a(serial_api.o) (gpio_init_in)
C:\Users\Mayoi\Documents\MCUXpressoIDE_10.1.0_589\workspace\MK_LIB\mbed\TARGET_LPC1768\TOOLCHAIN_GCC_CR\libmbed.a(mbed_interface.o)
                              C:/Users/Mayoi/Documents/MCUXpressoIDE_10.1.0_589/workspace/MK_LIB/mbed/TARGET_LPC1768/TOOLCHAIN_GCC_CR/retarget.o (mbed_interface_connected)
C:\Users\Mayoi\Documents\MCUXpressoIDE_10.1.0_589\workspace\MK_LIB\mbed\TARGET_LPC1768\TOOLCHAIN_GCC_CR\libmbed.a(pinmap_common.o)
                              C:\Users\Mayoi\Documents\MCUXpressoIDE_10.1.0_589\workspace\MK_LIB\mbed\TARGET_LPC1768\TOOLCHAIN_GCC_CR\libmbed.a(serial_api.o) (pinmap_pinout)
C:\Users\Mayoi\Documents\MCUXpressoIDE_10.1.0_589\workspace\MK_LIB\mbed\TARGET_LPC1768\TOOLCHAIN_GCC_CR\libmbed.a(semihost_api.o)
                              C:/Users/Mayoi/Documents/MCUXpressoIDE_10.1.0_589/workspace/MK_LIB/mbed/TARGET_LPC1768/TOOLCHAIN_GCC_CR/retarget.o (semihost_exit)
C:\Users\Mayoi\Documents\MCUXpressoIDE_10.1.0_589\workspace\MK_LIB\mbed\TARGET_LPC1768\TOOLCHAIN_GCC_CR\libmbed.a(wait_api.o)
                              C:\Users\Mayoi\Documents\MCUXpressoIDE_10.1.0_589\workspace\MK_LIB\mbed\TARGET_LPC1768\TOOLCHAIN_GCC_CR\libmbed.a(SerialBase.o) (wait_us)
C:\Users\Mayoi\Documents\MCUXpressoIDE_10.1.0_589\workspace\MK_LIB\mbed\TARGET_LPC1768\TOOLCHAIN_GCC_CR\libmbed.a(ticker_api.o)
                              C:\Users\Mayoi\Documents\MCUXpressoIDE_10.1.0_589\workspace\MK_LIB\mbed\TARGET_LPC1768\TOOLCHAIN_GCC_CR\libmbed.a(Timer.o) (ticker_read)
C:\Users\Mayoi\Documents\MCUXpressoIDE_10.1.0_589\workspace\MK_LIB\mbed\TARGET_LPC1768\TOOLCHAIN_GCC_CR\libmbed.a(us_ticker_api.o)
                              C:\Users\Mayoi\Documents\MCUXpressoIDE_10.1.0_589\workspace\MK_LIB\mbed\TARGET_LPC1768\TOOLCHAIN_GCC_CR\libmbed.a(Timer.o) (get_us_ticker_data)
C:\Users\Mayoi\Documents\MCUXpressoIDE_10.1.0_589\workspace\MK_LIB\mbed\TARGET_LPC1768\TOOLCHAIN_GCC_CR\libmbed.a(gpio_api.o)
                              C:\Users\Mayoi\Documents\MCUXpressoIDE_10.1.0_589\workspace\MK_LIB\mbed\TARGET_LPC1768\TOOLCHAIN_GCC_CR\libmbed.a(gpio.o) (gpio_init)
C:\Users\Mayoi\Documents\MCUXpressoIDE_10.1.0_589\workspace\MK_LIB\mbed\TARGET_LPC1768\TOOLCHAIN_GCC_CR\libmbed.a(pinmap.o)
[...]
Memory Configuration

Name             Origin             Length             Attributes
MFlash512        0x00000000         0x00080000         xr
RamLoc32         0x100000c8         0x00007f38         xrw
RamAHB_USB       0x2007c000         0x00004000         xrw
RamAHB_Eth       0x20080000         0x00004000         xrw
*default*        0x00000000         0xffffffff

Linker script and memory map

LOAD ./COM/COM.o
LOAD ./main.o
LOAD C:/Users/Mayoi/Documents/MCUXpressoIDE_10.1.0_589/workspace/MK_LIB/mbed/TARGET_LPC1768/TOOLCHAIN_GCC_CR/board.o
LOAD C:/Users/Mayoi/Documents/MCUXpressoIDE_10.1.0_589/workspace/MK_LIB/mbed/TARGET_LPC1768/TOOLCHAIN_GCC_CR/cmsis_nvic.o
LOAD C:/Users/Mayoi/Documents/MCUXpressoIDE_10.1.0_589/workspace/MK_LIB/mbed/TARGET_LPC1768/TOOLCHAIN_GCC_CR/retarget.o
LOAD C:/Users/Mayoi/Documents/MCUXpressoIDE_10.1.0_589/workspace/MK_LIB/mbed/TARGET_LPC1768/TOOLCHAIN_GCC_CR/startup_LPC17xx.o
LOAD C:/Users/Mayoi/Documents/MCUXpressoIDE_10.1.0_589/workspace/MK_LIB/mbed/TARGET_LPC1768/TOOLCHAIN_GCC_CR/system_LPC17xx.o
LOAD C:\Users\Mayoi\Documents\MCUXpressoIDE_10.1.0_589\workspace\MK_LIB\mbed\TARGET_LPC1768\TOOLCHAIN_GCC_CR\libmbed.a
START GROUP
LOAD c:/nxp/mcuxpressoide_10.1.0_589/ide/tools/bin/../lib/gcc/arm-none-eabi/6.3.1/thumb/v7-m\libgcc.a
LOAD c:/nxp/mcuxpressoide_10.1.0_589/ide/tools/bin/../lib/gcc/arm-none-eabi/6.3.1/../../../../arm-none-eabi/lib/thumb/v7-m\libc.a
LOAD c:/nxp/mcuxpressoide_10.1.0_589/ide/tools/bin/../lib/gcc/arm-none-eabi/6.3.1/../../../../arm-none-eabi/lib/thumb/v7-m\libstdc++.a
LOAD c:/nxp/mcuxpressoide_10.1.0_589/ide/tools/bin/../lib/gcc/arm-none-eabi/6.3.1/../../../../arm-none-eabi/lib/thumb/v7-m\libm.a
LOAD c:/nxp/mcuxpressoide_10.1.0_589/ide/tools/bin/../lib/gcc/arm-none-eabi/6.3.1/../../../../arm-none-eabi/lib/thumb/v7-m\libcr_newlib_nohost.a
LOAD c:/nxp/mcuxpressoide_10.1.0_589/ide/tools/bin/../lib/gcc/arm-none-eabi/6.3.1/thumb/v7-m\crti.o
LOAD c:/nxp/mcuxpressoide_10.1.0_589/ide/tools/bin/../lib/gcc/arm-none-eabi/6.3.1/thumb/v7-m\crtn.o
LOAD c:/nxp/mcuxpressoide_10.1.0_589/ide/tools/bin/../lib/gcc/arm-none-eabi/6.3.1/thumb/v7-m\crtbegin.o
LOAD c:/nxp/mcuxpressoide_10.1.0_589/ide/tools/bin/../lib/gcc/arm-none-eabi/6.3.1/thumb/v7-m\crtend.o
END GROUP
                0x00080000                __top_MFlash512 = 0x80000
                0x10008000                __top_RamLoc32 = 0x10008000
                0x20084000                __top_RamAHB32 = 0x20084000

.text           0x00000000      0x358
 FILL mask 0xff
 *(.isr_vector)
 .isr_vector    0x00000000       0xcc C:/Users/Mayoi/Documents/MCUXpressoIDE_10.1.0_589/workspace/MK_LIB/mbed/TARGET_LPC1768/TOOLCHAIN_GCC_CR/startup_LPC17xx.o
                0x00000000                g_pfnVectors
                0x000000cc                . = ALIGN (0x4)
                0x000000cc                __section_table_start = .
                0x000000cc                __data_section_table = .
                0x000000cc        0x4 LONG 0x358 LOADADDR (.data)
                0x000000d0        0x4 LONG 0x100000c8 ADDR (.data)
                0x000000d4        0x4 LONG 0x0 SIZEOF (.data)
                0x000000d8        0x4 LONG 0x358 LOADADDR (.data_RAM2)
                0x000000dc        0x4 LONG 0x2007c000 ADDR (.data_RAM2)
                0x000000e0        0x4 LONG 0x0 SIZEOF (.data_RAM2)
                0x000000e4                __data_section_table_end = .
                0x000000e4                __bss_section_table = .
                0x000000e4        0x4 LONG 0x100000c8 ADDR (.bss)
                0x000000e8        0x4 LONG 0x1c SIZEOF (.bss)
                0x000000ec        0x4 LONG 0x2007c000 ADDR (.bss_RAM2)
                0x000000f0        0x4 LONG 0x0 SIZEOF (.bss_RAM2)
                0x000000f4                __bss_section_table_end = .
                0x000000f4                __section_table_end = .
 *(.after_vectors*)
 .after_vectors
                0x000000f4       0xd0 C:/Users/Mayoi/Documents/MCUXpressoIDE_10.1.0_589/workspace/MK_LIB/mbed/TARGET_LPC1768/TOOLCHAIN_GCC_CR/startup_LPC17xx.o
                0x000000f4                NMI_Handler
                0x000000f8                HardFault_Handler
                0x000000fc                MemManage_Handler
                0x00000100                BusFault_Handler
                0x00000104                UsageFault_Handler
                0x00000108                SVC_Handler
                0x0000010c                DebugMon_Handler
                0x00000110                PendSV_Handler
                0x00000114                SysTick_Handler
                0x00000118                PWM1_IRQHandler
                0x00000118                I2C1_IRQHandler
                0x00000118                EINT2_IRQHandler
                0x00000118                UART1_IRQHandler
                0x00000118                EINT3_IRQHandler
                0x00000118                CANActivity_IRQHandler
                0x00000118                TIMER3_IRQHandler
                0x00000118                UART0_IRQHandler
                0x00000118                MCPWM_IRQHandler
                0x00000118                I2C0_IRQHandler
                0x00000118                IntDefaultHandler
                0x00000118                RIT_IRQHandler
                0x00000118                CAN_IRQHandler
                0x00000118                PLL1_IRQHandler
                0x00000118                SSP0_IRQHandler
                0x00000118                I2S_IRQHandler
                0x00000118                I2C2_IRQHandler
                0x00000118                RTC_IRQHandler
                0x00000118                TIMER0_IRQHandler
                0x00000118                SPI_IRQHandler
                0x00000118                UART3_IRQHandler
                0x00000118                EINT1_IRQHandler
                0x00000118                TIMER1_IRQHandler
                0x00000118                UART2_IRQHandler
                0x00000118                ADC_IRQHandler
                0x00000118                SSP1_IRQHandler
                0x00000118                USB_IRQHandler
                0x00000118                BOD_IRQHandler
                0x00000118                USBActivity_IRQHandler
                0x00000118                WDT_IRQHandler
                0x00000118                PLL0_IRQHandler
                0x00000118                QEI_IRQHandler
                0x00000118                EINT0_IRQHandler
                0x00000118                TIMER2_IRQHandler
                0x00000118                DMA_IRQHandler
                0x00000118                ENET_IRQHandler
                0x0000011c                ResetISR
                0x0000019c                data_init
                0x000001b4                bss_init
 *(.text*)
 .text.startup.main
                0x000001c4        0x2 ./main.o
                0x000001c4                main
 *fill*         0x000001c6        0x2 ff
 .text.SystemInit
                0x000001c8       0xb8 C:/Users/Mayoi/Documents/MCUXpressoIDE_10.1.0_589/workspace/MK_LIB/mbed/TARGET_LPC1768/TOOLCHAIN_GCC_CR/system_LPC17xx.o
                0x000001c8                SystemInit
 .text.__libc_init_array
                0x00000280       0x50 c:/nxp/mcuxpressoide_10.1.0_589/ide/tools/bin/../lib/gcc/arm-none-eabi/6.3.1/../../../../arm-none-eabi/lib/thumb/v7-m\libc.a(lib_a-init.o)
                0x00000280                __libc_init_array
 .text          0x000002d0       0x6c c:/nxp/mcuxpressoide_10.1.0_589/ide/tools/bin/../lib/gcc/arm-none-eabi/6.3.1/thumb/v7-m\crtbegin.o
 *(.rodata .rodata.*)
                0x0000033c                . = ALIGN (0x4)
                0x0000033c                . = ALIGN (0x4)
 *(.init)
 .init          0x0000033c        0x4 c:/nxp/mcuxpressoide_10.1.0_589/ide/tools/bin/../lib/gcc/arm-none-eabi/6.3.1/thumb/v7-m\crti.o
                0x0000033c                _init
 .init          0x00000340        0x8 c:/nxp/mcuxpressoide_10.1.0_589/ide/tools/bin/../lib/gcc/arm-none-eabi/6.3.1/thumb/v7-m\crtn.o
                0x00000348                . = ALIGN (0x4)
                0x00000348                __preinit_array_start = .
 *(.preinit_array)
                0x00000348                __preinit_array_end = .
                0x00000348                . = ALIGN (0x4)
                0x00000348                __init_array_start = .
 *(SORT(.init_array.*))
 *(.init_array)
 .init_array    0x00000348        0x4 c:/nxp/mcuxpressoide_10.1.0_589/ide/tools/bin/../lib/gcc/arm-none-eabi/6.3.1/thumb/v7-m\crtbegin.o
                0x0000034c                __init_array_end = .
 *(.fini)
 .fini          0x0000034c        0x4 c:/nxp/mcuxpressoide_10.1.0_589/ide/tools/bin/../lib/gcc/arm-none-eabi/6.3.1/thumb/v7-m\crti.o
                0x0000034c                _fini
 .fini          0x00000350        0x8 c:/nxp/mcuxpressoide_10.1.0_589/ide/tools/bin/../lib/gcc/arm-none-eabi/6.3.1/thumb/v7-m\crtn.o
                0x00000358                . = ALIGN (0x4)
 *crtbegin.o(.ctors)
 *(EXCLUDE_FILE(*crtend.o) .ctors)
 *(SORT(.ctors.*))
 *crtend.o(.ctors)
                0x00000358                . = ALIGN (0x4)
 *crtbegin.o(.dtors)
 *(EXCLUDE_FILE(*crtend.o) .dtors)
 *(SORT(.dtors.*))
 *crtend.o(.dtors)

.glue_7         0x00000358        0x0
 .glue_7        0x00000358        0x0 linker stubs

.glue_7t        0x00000358        0x0
 .glue_7t       0x00000358        0x0 linker stubs

.vfp11_veneer   0x00000358        0x0
 .vfp11_veneer  0x00000358        0x0 linker stubs

.v4_bx          0x00000358        0x0
 .v4_bx         0x00000358        0x0 linker stubs

.iplt           0x00000358        0x0
 .iplt          0x00000358        0x0 ./COM/COM.o

.rel.dyn        0x00000358        0x0
 .rel.iplt      0x00000358        0x0 ./COM/COM.o

.eh_frame       0x00000358        0x0
 .eh_frame      0x00000358        0x0 c:/nxp/mcuxpressoide_10.1.0_589/ide/tools/bin/../lib/gcc/arm-none-eabi/6.3.1/thumb/v7-m\crtbegin.o

.ARM.extab
 *(.ARM.extab* .gnu.linkonce.armextab.*)
                0x00000358                __exidx_start = .

.ARM.exidx
 *(.ARM.exidx* .gnu.linkonce.armexidx.*)
                0x00000358                __exidx_end = .
                0x00000358                _etext = .

.data_RAM2      0x2007c000        0x0 load address 0x00000358
 FILL mask 0xff
 *(.data.$RAM2*)
 *(.data.$RamAHB32*)
                0x2007c000                . = ALIGN (0x4)

.uninit_RESERVED
 *(.bss.$RESERVED*)

.data           0x100000c8        0x0 load address 0x00000358
 FILL mask 0xff
                0x100000c8                _data = .
 *(vtable)
 *(.data*)
                0x100000c8                . = ALIGN (0x4)
                0x100000c8                _edata = .

.igot.plt       0x100000c8        0x0 load address 0x00000358
 .igot.plt      0x100000c8        0x0 ./COM/COM.o

.jcr            0x100000c8        0x0 load address 0x00000358
 .jcr           0x100000c8        0x0 c:/nxp/mcuxpressoide_10.1.0_589/ide/tools/bin/../lib/gcc/arm-none-eabi/6.3.1/thumb/v7-m\crtbegin.o

.bss_RAM2       0x2007c000        0x0
 *(.bss.$RAM2*)
 *(.bss.$RamAHB32*)
 *(AHBSRAM0)
                0x2007c000                . = ALIGN (0x4)

.bss_RAM3       0x20080000        0x0
 *(AHBSRAM1)
                0x20080000                . = ALIGN (0x4)

.bss            0x100000c8       0x1c
                0x100000c8                _bss = .
 *(.bss*)
 .bss           0x100000c8       0x1c c:/nxp/mcuxpressoide_10.1.0_589/ide/tools/bin/../lib/gcc/arm-none-eabi/6.3.1/thumb/v7-m\crtbegin.o
 *(COMMON)
                0x100000e4                . = ALIGN (0x4)
                0x100000e4                _ebss = .
                [!provide]                PROVIDE (end, .)
                0x100000e4                __end__ = .
                0x100000e4                PROVIDE (_pvHeapStart, .)
                0x10008000                PROVIDE (_vStackTop, (__top_RamLoc32 - 0x0))
OUTPUT(MK_LIB.axf elf32-littlearm)

.debug_info     0x00000000     0x1be7
 .debug_info    0x00000000     0x1be7 ./main.o

.debug_abbrev   0x00000000      0x2fb
 .debug_abbrev  0x00000000      0x2fb ./main.o

.debug_aranges  0x00000000       0x28
 .debug_aranges
                0x00000000       0x28 ./main.o

.debug_ranges   0x00000000       0x18
 .debug_ranges  0x00000000       0x18 ./main.o

.debug_macro    0x00000000      0x5fc
 .debug_macro   0x00000000      0x5fc ./main.o

.debug_line     0x00000000      0xbbe
 .debug_line    0x00000000      0xbbe ./main.o

.debug_str      0x00000000    0x10c87
 .debug_str     0x00000000    0x10c87 ./main.o
                              0x11046 (size before relaxing)

.comment        0x00000000       0xef
 .comment       0x00000000       0x7f ./main.o
                                 0x80 (size before relaxing)
 .comment       0x0000007f       0x70 C:/Users/Mayoi/Documents/MCUXpressoIDE_10.1.0_589/workspace/MK_LIB/mbed/TARGET_LPC1768/TOOLCHAIN_GCC_CR/startup_LPC17xx.o
                                 0x71 (size before relaxing)
 .comment       0x000000ef       0x71 C:/Users/Mayoi/Documents/MCUXpressoIDE_10.1.0_589/workspace/MK_LIB/mbed/TARGET_LPC1768/TOOLCHAIN_GCC_CR/system_LPC17xx.o

.ARM.attributes
                0x00000000       0x31
 .ARM.attributes
                0x00000000       0x33 ./main.o
 .ARM.attributes
                0x00000033       0x33 C:/Users/Mayoi/Documents/MCUXpressoIDE_10.1.0_589/workspace/MK_LIB/mbed/TARGET_LPC1768/TOOLCHAIN_GCC_CR/startup_LPC17xx.o
 .ARM.attributes
                0x00000066       0x33 C:/Users/Mayoi/Documents/MCUXpressoIDE_10.1.0_589/workspace/MK_LIB/mbed/TARGET_LPC1768/TOOLCHAIN_GCC_CR/system_LPC17xx.o
 .ARM.attributes
                0x00000099       0x2d c:/nxp/mcuxpressoide_10.1.0_589/ide/tools/bin/../lib/gcc/arm-none-eabi/6.3.1/../../../../arm-none-eabi/lib/thumb/v7-m\libc.a(lib_a-init.o)
 .ARM.attributes
                0x000000c6       0x1d c:/nxp/mcuxpressoide_10.1.0_589/ide/tools/bin/../lib/gcc/arm-none-eabi/6.3.1/thumb/v7-m\crti.o
 .ARM.attributes
                0x000000e3       0x1d c:/nxp/mcuxpressoide_10.1.0_589/ide/tools/bin/../lib/gcc/arm-none-eabi/6.3.1/thumb/v7-m\crtn.o
 .ARM.attributes
                0x00000100       0x2d c:/nxp/mcuxpressoide_10.1.0_589/ide/tools/bin/../lib/gcc/arm-none-eabi/6.3.1/thumb/v7-m\crtbegin.o

.debug_frame    0x00000000       0x6c
 .debug_frame   0x00000000       0x40 ./main.o
 .debug_frame   0x00000040       0x2c c:/nxp/mcuxpressoide_10.1.0_589/ide/tools/bin/../lib/gcc/arm-none-eabi/6.3.1/../../../../arm-none-eabi/lib/thumb/v7-m\libc.a(lib_a-init.o)
